ASxxxx Linker V03.00 + NoICE + sdld,  page 1.
Hexadecimal  [32-Bits]

Area                                    Addr        Size        Decimal Bytes (Attributes)
--------------------------------        ----        ----        ------- ----- ------------
.  .ABS.                            00000000    00000000 =           0. bytes (ABS,CON)

      Value  Global                              Global Defined In Module
      -----  --------------------------------   ------------------------
     FFFFFFFF  s_SSEG                          
     00000000  .__.ABS.                           APPLICATION_TEST
     00000000  l_SSEG                          
     00000000  l_USER_RAM_BASE                 
     00000000  l__CODE                         
     00000000  s_SSEG0                         
     00000000  s__CODE                         
     00000001  s_DATA                          
     00000080  l_HOME                          
     000000B1  l_DATA                          
     000000B2  s_USER_RAM_BASE                 
     00000100  l_SSEG0                         
     00002954  l_CODE                          
     00008000  s_HOME                          
     00008080  s_CODE                          
ASxxxx Linker V03.00 + NoICE + sdld,  page 2.
Hexadecimal  [32-Bits]

Area                                    Addr        Size        Decimal Bytes (Attributes)
--------------------------------        ----        ----        ------- ----- ------------
DATA                                00000001    000000B1 =         177. bytes (REL,CON)

      Value  Global                              Global Defined In Module
      -----  --------------------------------   ------------------------
     0000005A  rx_char                            GLOBALS
     0000005B  pad                                GLOBALS
     000000AB  acc24                              GLOBALS
     000000AC  acc16                              GLOBALS
     000000AD  acc8                               GLOBALS
     000000AE  farptr                             GLOBALS
     000000B1  flags                              GLOBALS

ASxxxx Linker V03.00 + NoICE + sdld,  page 3.
Hexadecimal  [32-Bits]

Area                                    Addr        Size        Decimal Bytes (Attributes)
--------------------------------        ----        ----        ------- ----- ------------
SSEG0                               00000000    00000100 =         256. bytes (ABS,CON)

      Value  Global                              Global Defined In Module
      -----  --------------------------------   ------------------------
ASxxxx Linker V03.00 + NoICE + sdld,  page 4.
Hexadecimal  [32-Bits]

Area                                    Addr        Size        Decimal Bytes (Attributes)
--------------------------------        ----        ----        ------- ----- ------------
HOME                                00008000    00000080 =         128. bytes (REL,CON)

      Value  Global                              Global Defined In Module
      -----  --------------------------------   ------------------------
ASxxxx Linker V03.00 + NoICE + sdld,  page 5.
Hexadecimal  [32-Bits]

Area                                    Addr        Size        Decimal Bytes (Attributes)
--------------------------------        ----        ----        ------- ----- ------------
CODE                                00008080    00002954 =       10580. bytes (REL,CON)

      Value  Global                              Global Defined In Module
      -----  --------------------------------   ------------------------
     00008344  readln                             MONA
     0000847E  next_word                          MONA
     000084B4  to_lower                           MONA
     000084BF  to_upper                           MONA
     000084CB  add24                              MONA
     000084DE  mulu24_8                           MONA
     00008518  divu24_8                           MONA
     00008540  neg_acc24                          MONA
     00008563  inc_var24                          MONA
     00008570  copy_var24                         MONA
     00008580  is_alpha                           MONA
     00008591  is_digit                           MONA
     0000859E  is_hex                             MONA
     000085BD  atoi                               MONA
     0000862E  strlen                             MONA
     00008640  print_padded                       MONA
     00008658  sex_acc8                           MONA
     00008667  peek                               MONA
     0000866D  peek16                             MONA
     00008680  peek24                             MONA
     00008699  number                             MONA
     00008B47  error_print                        MONA
     00008E80  format                             GLOBALS
     00008F1F  spaces                             GLOBALS
     00008F2F  uart_tx                            GLOBALS
     00008F39  uart_print                         GLOBALS
     00008F4B  uart_qchar                         GLOBALS
     00008F5C  uart_getchar                       GLOBALS
     00008F6F  uart_delete                        GLOBALS
     00008F89  uart_prints                        GLOBALS
     00008F9D  print_int                          GLOBALS
     00008FE6  print_byte                         GLOBALS
     00008FFC  print_word                         GLOBALS
     00009011  print_extd                         GLOBALS
     00009023  print_addr                         GLOBALS
     0000903C  itoa                               GLOBALS
     00009E9C  dasm                               DASM
     0000A9A1  mona_end                           APPLICATION_TEST

ASxxxx Linker V03.00 + NoICE + sdld,  page 6.

Files Linked                              [ module(s) ]

build/mona05.rel                          [ MONA ]
build/mona_glbls.rel                      [ GLOBALS ]
build/mona_dasm.rel                       [ DASM ]
build/app_test.rel                        [ APPLICATION_TEST ]

ASxxxx Linker V03.00 + NoICE + sdld,  page 7.

User Base Address Definitions

HOME = 0x8000
DATA = 0x0001
SSEG = 0xffffffff

