ASxxxx Linker V03.00 + NoICE + sdld,  page 1.
Hexadecimal  [32-Bits]

Area                                    Addr        Size        Decimal Bytes (Attributes)
--------------------------------        ----        ----        ------- ----- ------------
.  .ABS.                            00000000    00000000 =           0. bytes (ABS,CON)

      Value  Global                              Global Defined In Module
      -----  --------------------------------   ------------------------
     FFFFFFFF  s_SSEG                          
     00000000  .__.ABS.                           MATH24
     00000000  l_SSEG                          
     00000000  l__CODE                         
     00000000  s_SSEG0                         
     00000000  s__CODE                         
     00000001  s_DATA                          
     00000080  l_HOME                          
     000000BE  l_DATA                          
     00000100  l_SSEG0                         
     00000C18  l_CODE                          
     00008000  s_HOME                          
     00008080  s_CODE                          

ASxxxx Linker V03.00 + NoICE + sdld,  page 2.
Hexadecimal  [32-Bits]

Area                                    Addr        Size        Decimal Bytes (Attributes)
--------------------------------        ----        ----        ------- ----- ------------
DATA                                00000001    000000BE =         190. bytes (REL,CON)

      Value  Global                              Global Defined In Module
      -----  --------------------------------   ------------------------
     00000067  acc24                              TEST_HELP
     00000068  acc16                              TEST_HELP
     00000069  acc8                               TEST_HELP
     0000006D  buffer                             STRING_TEST
     000000BD  nearptr                            STRING

ASxxxx Linker V03.00 + NoICE + sdld,  page 3.
Hexadecimal  [32-Bits]

Area                                    Addr        Size        Decimal Bytes (Attributes)
--------------------------------        ----        ----        ------- ----- ------------
SSEG0                               00000000    00000100 =         256. bytes (ABS,CON)

      Value  Global                              Global Defined In Module
      -----  --------------------------------   ------------------------
ASxxxx Linker V03.00 + NoICE + sdld,  page 4.
Hexadecimal  [32-Bits]

Area                                    Addr        Size        Decimal Bytes (Attributes)
--------------------------------        ----        ----        ------- ----- ------------
HOME                                00008000    00000080 =         128. bytes (REL,CON)

      Value  Global                              Global Defined In Module
      -----  --------------------------------   ------------------------
ASxxxx Linker V03.00 + NoICE + sdld,  page 5.
Hexadecimal  [32-Bits]

Area                                    Addr        Size        Decimal Bytes (Attributes)
--------------------------------        ----        ----        ------- ----- ------------
CODE                                00008080    00000C18 =        3096. bytes (REL,CON)

      Value  Global                              Global Defined In Module
      -----  --------------------------------   ------------------------
     000080BA  uart3_putc                         TEST_HELP
     000080C3  uart3_getc                         TEST_HELP
     000080CC  uart3_puts                         TEST_HELP
     000080F6  uart3_prt_regs                     TEST_HELP
     0000815B  uart3_peek                         TEST_HELP
     00008198  _main                              TEST_HELP
     00008198  main                               TEST_HELP
     0000819D  _ledon                             TEST_HELP
     0000819D  ledon                              TEST_HELP
     000081A2  _ledoff                            TEST_HELP
     000081A2  ledoff                             TEST_HELP
     000081A7  _ledtoggle                         TEST_HELP
     000081A7  ledtoggle                          TEST_HELP
     000082DD  uart3_prti24                       TEST_HELP
     000084E5  number                             TEST_HELP
     000084EC  next_word                          TEST_HELP
     00008517  to_lower                           TEST_HELP
     000085DF  test_main                          STRING_TEST
     00008865  _format                            STRING
     00008865  format                             STRING
     00008937  _i24toa                            STRING
     00008937  i24toa                             STRING
     0000899F  _atoi24                            STRING
     0000899F  atoi24                             STRING
     00008A23  _strlen                            STRING
     00008A23  strlen                             STRING
     00008A2F  _fill                              STRING
     00008A2F  fill                               STRING
     00008A3E  _strcpy                            STRING
     00008A3E  strcpy                             STRING
     00008A56  _memcpy                            STRING
     00008A56  memcpy                             STRING
     00008A97  add24                              MATH24
     00008AA4  sub24                              MATH24
     00008AB1  mul24_8u                           MATH24
     00008ADA  mul24u                             MATH24
     00008B1E  mul24s                             MATH24
     00008B51  div24_8u                           MATH24
     00008B67  clz24                              MATH24
     00008B83  div24u                             MATH24
     00008C0F  div24s                             MATH24
     00008C90  neg24                              MATH24
ASxxxx Linker V03.00 + NoICE + sdld,  page 6.

Files Linked                              [ module(s) ]

../build/test_help.rel                    [ TEST_HELP ]
build/string_test.rel                     [ STRING_TEST ]


Libraries Linked                          [ object file ]

../../lib/string.lib                      [ string.rel ]
../../lib/math24.lib                      [ math24.rel ]

ASxxxx Linker V03.00 + NoICE + sdld,  page 7.

User Base Address Definitions

HOME = 0x8000
DATA = 0x0001
SSEG = 0xffffffff

