ASxxxx Linker V03.00 + NoICE + sdld,  page 1.
Hexadecimal  [32-Bits]

Area                                    Addr        Size        Decimal Bytes (Attributes)
--------------------------------        ----        ----        ------- ----- ------------
.  .ABS.                            00000000    00000000 =           0. bytes (ABS,CON)

      Value  Global                              Global Defined In Module
      -----  --------------------------------   ------------------------
     FFFFFFFF  s_SSEG                          
     00000000  .__.ABS.                           MATH24
     00000000  l_SSEG                          
     00000000  l__CODE                         
     00000000  s_SSEG0                         
     00000000  s__CODE                         
     00000001  s_DATA                          
     00000080  l_HOME                          
     000000D1  l_DATA                          
     00000100  l_SSEG0                         
     00000CCD  l_CODE                          
     00008000  s_HOME                          
     00008080  s_CODE                          

ASxxxx Linker V03.00 + NoICE + sdld,  page 2.
Hexadecimal  [32-Bits]

Area                                    Addr        Size        Decimal Bytes (Attributes)
--------------------------------        ----        ----        ------- ----- ------------
DATA                                00000001    000000D1 =         209. bytes (REL,CON)

      Value  Global                              Global Defined In Module
      -----  --------------------------------   ------------------------
     00000067  acc24                              TEST_HELP
     00000068  acc16                              TEST_HELP
     00000069  acc8                               TEST_HELP
     000000C2  fmt_buffer                         CONIO

ASxxxx Linker V03.00 + NoICE + sdld,  page 3.
Hexadecimal  [32-Bits]

Area                                    Addr        Size        Decimal Bytes (Attributes)
--------------------------------        ----        ----        ------- ----- ------------
SSEG0                               00000000    00000100 =         256. bytes (ABS,CON)

      Value  Global                              Global Defined In Module
      -----  --------------------------------   ------------------------
ASxxxx Linker V03.00 + NoICE + sdld,  page 4.
Hexadecimal  [32-Bits]

Area                                    Addr        Size        Decimal Bytes (Attributes)
--------------------------------        ----        ----        ------- ----- ------------
HOME                                00008000    00000080 =         128. bytes (REL,CON)

      Value  Global                              Global Defined In Module
      -----  --------------------------------   ------------------------
ASxxxx Linker V03.00 + NoICE + sdld,  page 5.
Hexadecimal  [32-Bits]

Area                                    Addr        Size        Decimal Bytes (Attributes)
--------------------------------        ----        ----        ------- ----- ------------
CODE                                00008080    00000CCD =        3277. bytes (REL,CON)

      Value  Global                              Global Defined In Module
      -----  --------------------------------   ------------------------
     0000810F  _main                              TEST_HELP
     0000810F  main                               TEST_HELP
     00008114  _ledon                             TEST_HELP
     00008114  ledon                              TEST_HELP
     00008119  _ledoff                            TEST_HELP
     00008119  ledoff                             TEST_HELP
     0000811E  _ledtoggle                         TEST_HELP
     0000811E  ledtoggle                          TEST_HELP
     00008283  itoa                               TEST_HELP
     00008432  number                             TEST_HELP
     00008439  next_word                          TEST_HELP
     00008464  to_lower                           TEST_HELP
     0000852C  test_main                          STRING_TEST
     00008609  _format                            STRING
     00008609  format                             STRING
     000086D9  _i24toa                            STRING
     000086D9  i24toa                             STRING
     0000873F  _atoi24                            STRING
     0000873F  atoi24                             STRING
     000087C3  _strlen                            STRING
     000087C3  strlen                             STRING
     000087CF  _fill                              STRING
     000087CF  fill                               STRING
     000087DE  _strcpy                            STRING
     000087DE  strcpy                             STRING
     000087F6  _memcpy                            STRING
     000087F6  memcpy                             STRING
     0000883D  _conio_init                        CONIO
     0000883D  conio_init                         CONIO
     00008845  set_dev                            CONIO
     0000884B  get_dev                            CONIO
     0000884F  _putchar                           CONIO
     0000884F  putchar                            CONIO
     00008862  _getchar                           CONIO
     00008862  getchar                            CONIO
     0000886C  _puts                              CONIO
     0000886C  puts                               CONIO
     00008886  _gets                              CONIO
     00008886  gets                               CONIO
     0000892F  _is_digit                          CONIO
     0000892F  is_digit                           CONIO
     0000893B  _is_hex                            CONIO
     0000893B  is_hex                             CONIO
     0000894F  _printf                            CONIO
     0000894F  printf                             CONIO
     00008A69  _uart_init                         UART
     00008A69  uart_init                          UART
     00008AB9  _uart_putc                         UART
     00008AB9  uart_putc                          UART
     00008AC9  _uart_spaces                       UART
ASxxxx Linker V03.00 + NoICE + sdld,  page 6.
Hexadecimal  [32-Bits]

Area                                    Addr        Size        Decimal Bytes (Attributes)
--------------------------------        ----        ----        ------- ----- ------------
CODE                                00008080    00000CCD =        3277. bytes (REL,CON)

      Value  Global                              Global Defined In Module
      -----  --------------------------------   ------------------------
     00008AC9  uart_spaces                        UART
     00008ADD  _uart_puts                         UART
     00008ADD  uart_puts                          UART
     00008B0A  _uart_query                        UART
     00008B0A  uart_query                         UART
     00008B1A  _uart_getc                         UART
     00008B1A  uart_getc                          UART
     00008B2A  _uart_delete                       UART
     00008B2A  uart_delete                        UART
     00008B4C  add24                              MATH24
     00008B59  sub24                              MATH24
     00008B66  mul24_8u                           MATH24
     00008B8F  mul24u                             MATH24
     00008BD3  mul24s                             MATH24
     00008C06  div24_8u                           MATH24
     00008C1C  clz24                              MATH24
     00008C38  div24u                             MATH24
     00008CC4  div24s                             MATH24
     00008D45  neg24                              MATH24
ASxxxx Linker V03.00 + NoICE + sdld,  page 7.

Files Linked                              [ module(s) ]

../build/test_help.rel                    [ TEST_HELP ]
build/string_test.rel                     [ STRING_TEST ]


Libraries Linked                          [ object file ]

../../lib/string.lib                      [ string.rel ]
../../lib/conio.lib                       [ conio.rel ]
../../lib/uart.lib                        [ uart.rel ]
../../lib/math24.lib                      [ math24.rel ]

ASxxxx Linker V03.00 + NoICE + sdld,  page 8.

User Base Address Definitions

HOME = 0x8000
DATA = 0x0001
SSEG = 0xffffffff

