ASxxxx Linker V03.00 + NoICE + sdld,  page 1.
Hexadecimal  [32-Bits]

Area                                    Addr        Size        Decimal Bytes (Attributes)
--------------------------------        ----        ----        ------- ----- ------------
.  .ABS.                            00000000    00000000 =           0. bytes (ABS,CON)

      Value  Global                              Global Defined In Module
      -----  --------------------------------   ------------------------
     FFFFFFFF  s_SSEG                          
     00000000  .__.ABS.                           UART
     00000000  l_SSEG                          
     00000000  l__CODE                         
     00000000  s_SSEG0                         
     00000000  s__CODE                         
     00000001  s_DATA                          
     0000007C  l_DATA                          
     00000080  l_HOME                          
     00000100  l_SSEG0                         
     00000496  l_CODE                          
     00008000  s_HOME                          
     00008080  s_CODE                          

ASxxxx Linker V03.00 + NoICE + sdld,  page 2.
Hexadecimal  [32-Bits]

Area                                    Addr        Size        Decimal Bytes (Attributes)
--------------------------------        ----        ----        ------- ----- ------------
DATA                                00000001    0000007C =         124. bytes (REL,CON)

      Value  Global                              Global Defined In Module
      -----  --------------------------------   ------------------------
ASxxxx Linker V03.00 + NoICE + sdld,  page 3.
Hexadecimal  [32-Bits]

Area                                    Addr        Size        Decimal Bytes (Attributes)
--------------------------------        ----        ----        ------- ----- ------------
SSEG0                               00000000    00000100 =         256. bytes (ABS,CON)

      Value  Global                              Global Defined In Module
      -----  --------------------------------   ------------------------
ASxxxx Linker V03.00 + NoICE + sdld,  page 4.
Hexadecimal  [32-Bits]

Area                                    Addr        Size        Decimal Bytes (Attributes)
--------------------------------        ----        ----        ------- ----- ------------
HOME                                00008000    00000080 =         128. bytes (REL,CON)

      Value  Global                              Global Defined In Module
      -----  --------------------------------   ------------------------
ASxxxx Linker V03.00 + NoICE + sdld,  page 5.
Hexadecimal  [32-Bits]

Area                                    Addr        Size        Decimal Bytes (Attributes)
--------------------------------        ----        ----        ------- ----- ------------
CODE                                00008080    00000496 =        1174. bytes (REL,CON)

      Value  Global                              Global Defined In Module
      -----  --------------------------------   ------------------------
     000080D0  _main                              TEST_HELP
     000080D0  main                               TEST_HELP
     000080D5  _ledon                             TEST_HELP
     000080D5  ledon                              TEST_HELP
     000080DA  _ledoff                            TEST_HELP
     000080DF  _ledtoggle                         TEST_HELP
     000080DF  ledtoggle                          TEST_HELP
     000081DC  print_int                          TEST_HELP
     00008238  itoa                               TEST_HELP
     00008284  strlen                             TEST_HELP
     00008296  divu24_8                           TEST_HELP
     000082BE  neg_acc24                          TEST_HELP
     000082E1  test_main                          CONIO_TEST
     0000830E  _conio_init                        CONIO
     0000830E  conio_init                         CONIO
     00008316  set_dev                            CONIO
     0000831C  get_dev                            CONIO
     00008320  _putchar                           CONIO
     00008320  putchar                            CONIO
     0000832C  _getchar                           CONIO
     0000832C  getchar                            CONIO
     00008336  _puts                              CONIO
     00008336  puts                               CONIO
     00008351  _gets                              CONIO
     00008351  gets                               CONIO
     0000843A  _uart_init                         UART
     0000843A  uart_init                          UART
     0000848A  _uart_putc                         UART
     0000848A  uart_putc                          UART
     0000849C  _uart_spaces                       UART
     0000849C  uart_spaces                        UART
     000084B0  _uart_puts                         UART
     000084B0  uart_puts                          UART
     000084D4  _uart_query                        UART
     000084D4  uart_query                         UART
     000084E4  _uart_getc                         UART
     000084E4  uart_getc                          UART
     000084F4  _uart_delete                       UART
     000084F4  uart_delete                        UART
ASxxxx Linker V03.00 + NoICE + sdld,  page 6.

Files Linked                              [ module(s) ]

build/test_help.rel                       [ TEST_HELP ]
conio/build/conio_test.rel                [ CONIO_TEST ]


Libraries Linked                          [ object file ]

../lib/conio.lib                          [ conio.rel ]
../lib/uart.lib                           [ uart.rel ]

ASxxxx Linker V03.00 + NoICE + sdld,  page 7.

User Base Address Definitions

HOME = 0x8000
DATA = 0x0001
SSEG = 0xffffffff

