ASxxxx Linker V03.00 + NoICE + sdld,  page 1.
Hexadecimal  [32-Bits]

Area                                    Addr        Size        Decimal Bytes (Attributes)
--------------------------------        ----        ----        ------- ----- ------------
.  .ABS.                            00000000    00000000 =           0. bytes (ABS,CON)

      Value  Global                              Global Defined In Module
      -----  --------------------------------   ------------------------
     FFFFFFFF  s_SSEG                          
     00000000  .__.ABS.                           MATH24
     00000000  l_SSEG                          
     00000000  l__CODE                         
     00000000  s_SSEG0                         
     00000000  s__CODE                         
     00000001  s_DATA                          
     00000080  l_HOME                          
     000000CA  l_DATA                          
     00000100  l_SSEG0                         
     00000C6C  l_CODE                          
     00008000  s_HOME                          
     00008080  s_CODE                          

ASxxxx Linker V03.00 + NoICE + sdld,  page 2.
Hexadecimal  [32-Bits]

Area                                    Addr        Size        Decimal Bytes (Attributes)
--------------------------------        ----        ----        ------- ----- ------------
DATA                                00000001    000000CA =         202. bytes (REL,CON)

      Value  Global                              Global Defined In Module
      -----  --------------------------------   ------------------------
     000000C1  fmt_buffer                         CONIO

ASxxxx Linker V03.00 + NoICE + sdld,  page 3.
Hexadecimal  [32-Bits]

Area                                    Addr        Size        Decimal Bytes (Attributes)
--------------------------------        ----        ----        ------- ----- ------------
SSEG0                               00000000    00000100 =         256. bytes (ABS,CON)

      Value  Global                              Global Defined In Module
      -----  --------------------------------   ------------------------
ASxxxx Linker V03.00 + NoICE + sdld,  page 4.
Hexadecimal  [32-Bits]

Area                                    Addr        Size        Decimal Bytes (Attributes)
--------------------------------        ----        ----        ------- ----- ------------
HOME                                00008000    00000080 =         128. bytes (REL,CON)

      Value  Global                              Global Defined In Module
      -----  --------------------------------   ------------------------
ASxxxx Linker V03.00 + NoICE + sdld,  page 5.
Hexadecimal  [32-Bits]

Area                                    Addr        Size        Decimal Bytes (Attributes)
--------------------------------        ----        ----        ------- ----- ------------
CODE                                00008080    00000C6C =        3180. bytes (REL,CON)

      Value  Global                              Global Defined In Module
      -----  --------------------------------   ------------------------
     0000810F  _main                              TEST_HELP
     0000810F  main                               TEST_HELP
     00008114  _ledon                             TEST_HELP
     00008114  ledon                              TEST_HELP
     00008119  _ledoff                            TEST_HELP
     00008119  ledoff                             TEST_HELP
     0000811E  _ledtoggle                         TEST_HELP
     0000811E  ledtoggle                          TEST_HELP
     0000823A  print_int                          TEST_HELP
     00008283  itoa                               TEST_HELP
     000082CC  divu24_8                           TEST_HELP
     000082F4  neg_acc24                          TEST_HELP
     0000843F  number                             TEST_HELP
     00008446  next_word                          TEST_HELP
     00008471  to_lower                           TEST_HELP
     0000847C  atoi                               TEST_HELP
     000084ED  mulu24_8                           TEST_HELP
     00008539  test_main                          CONIO_TEST
     00008660  _conio_init                        CONIO
     00008660  conio_init                         CONIO
     00008668  set_dev                            CONIO
     0000866E  get_dev                            CONIO
     00008672  _putchar                           CONIO
     00008672  putchar                            CONIO
     00008685  _getchar                           CONIO
     00008685  getchar                            CONIO
     0000868F  _puts                              CONIO
     0000868F  puts                               CONIO
     000086A9  _gets                              CONIO
     000086A9  gets                               CONIO
     00008752  _is_digit                          CONIO
     00008752  is_digit                           CONIO
     0000875E  _is_hex                            CONIO
     0000875E  is_hex                             CONIO
     00008772  _i24toa                            CONIO
     00008772  i24toa                             CONIO
     00008804  _strlen                            CONIO
     00008804  strlen                             CONIO
     00008815  _sprintf                           CONIO
     00008815  sprintf                            CONIO
     000088EF  _printf                            CONIO
     000088EF  printf                             CONIO
     00008A08  _uart_init                         UART
     00008A08  uart_init                          UART
     00008A58  _uart_putc                         UART
     00008A58  uart_putc                          UART
     00008A68  _uart_spaces                       UART
     00008A68  uart_spaces                        UART
     00008A7C  _uart_puts                         UART
     00008A7C  uart_puts                          UART
ASxxxx Linker V03.00 + NoICE + sdld,  page 6.
Hexadecimal  [32-Bits]

Area                                    Addr        Size        Decimal Bytes (Attributes)
--------------------------------        ----        ----        ------- ----- ------------
CODE                                00008080    00000C6C =        3180. bytes (REL,CON)

      Value  Global                              Global Defined In Module
      -----  --------------------------------   ------------------------
     00008AA9  _uart_query                        UART
     00008AA9  uart_query                         UART
     00008AB9  _uart_getc                         UART
     00008AB9  uart_getc                          UART
     00008AC9  _uart_delete                       UART
     00008AC9  uart_delete                        UART
     00008AEB  add24                              MATH24
     00008AF8  sub24                              MATH24
     00008B05  mul24_8u                           MATH24
     00008B2E  mul24u                             MATH24
     00008B72  mul24s                             MATH24
     00008BA5  div24_8u                           MATH24
     00008BBB  clz24                              MATH24
     00008BD7  div24u                             MATH24
     00008C63  div24s                             MATH24
     00008CE4  neg24                              MATH24
ASxxxx Linker V03.00 + NoICE + sdld,  page 7.

Files Linked                              [ module(s) ]

../build/test_help.rel                    [ TEST_HELP ]
build/conio_test.rel                      [ CONIO_TEST ]


Libraries Linked                          [ object file ]

../../lib/conio.lib                       [ conio.rel ]
../../lib/uart.lib                        [ uart.rel ]
../../lib/math24.lib                      [ math24.rel ]

ASxxxx Linker V03.00 + NoICE + sdld,  page 8.

User Base Address Definitions

HOME = 0x8000
DATA = 0x0001
SSEG = 0xffffffff

